// Jest Snapshot v1, https://goo.gl/fbAQLP

exports[`Profile actions: clearProfile 1`] = `
Object {
  "type": "CLEAR_PROFILE",
}
`;

exports[`Profile actions: fillProfile 1`] = `
Object {
  "payload": Object {
    "avatar": "TEST_AVATAR",
    "firstName": "Walter",
    "id": "TEST_ID",
    "lastName": "White",
    "token": "TEST_TOKEN",
  },
  "type": "FILL_PROFILE",
}
`;

exports[`Profile actions: updateAvatar 1`] = `
Object {
  "payload": "https://www.url.com",
  "type": "UPDATE_AVATAR",
}
`;

exports[`Profile actions: updateAvatarAsync 1`] = `
Object {
  "payload": Array [
    "avatar",
  ],
  "type": "UPDATE_AVATAR_ASYNC",
}
`;

exports[`Profile actions: updateNameAsync 1`] = `
Object {
  "payload": Object {
    "firstName": "",
    "lastName": "",
  },
  "type": "UPDATE_NAME_ASYNC",
}
`;

exports[`Profile actions: updatePasswordAsync 1`] = `
Object {
  "payload": Object {
    "newPassword": 123456,
    "oldPassword": 12345,
  },
  "type": "UPDATE_PASSWORD_ASYNC",
}
`;
